==============
1、启动盘制作
==============
$ sudo dd if=xxx.iso of=/dev/sdb

==============
2、安装系统
==============
U盘启动安装，此步未修改任何BIOS选项。

===============
3、安装后配置
===============

# 以下操作需在手机USB共享网络下进行，直至无线网卡驱动安装完毕

# 添加快源
$ sudo vi /etc/dnf/dnf.conf
末行添加：
fastestmirror=true

# 更新Kernel到4.4+，为安装BCM4350驱动作准备
方法一：
$ wget https://repos.fedorapeople.org/repos/thl/kernel-vanilla.repo
$ sudo chown root:root kernel-vanilla.repo
$ sudo chmod 644 kernel-vanilla.repo
$ sudo mv kernel-vanilla.repo /etc/yum.repos.d/
# 永久性启用该repo
# 后缀可以为mainline mainline-wo-mergew stable stable-rc fedora
# --set-disabled停用
$ sudo dnf config-manager --set-enabled kernel-vanilla-stable
$ sudo dnf update  # 更新kernel
# 重启后出错：double free at 0x486ee360，Bois关闭Secure boot后正常
# stable源升级的4.4.1出现关机卡在Fedora Logo的情况
# 换mainline源升级4.5无问题
# 后又出现无法关机的问题，怀疑更新后安装kernel-header的问题，用方法二
方法二：
$ sudo dnf update kernel  # 此处一般更新到4.3.3
到 https://kojipkgs.fedoraproject.org/packages/kernel/ 下载4.4以上kernel
$ cd kernel_dir
$ sudo dnf install *.rpm  # 此处只下载了kernel kernel-core kernel-modules

# grub启动顺序修改
$ cat /boot/efi/fedora/grub.cfg| grep menuentry  # 查看启动列表
输出：
...
menuentry 'Fedora (4.4.0-1.fc24.x86_64) 23 (.....)'
...
$ sudo grub2-set-default 'Fedora (4.4.0-1.fc24.x86_64) 23 (.....)'  # 要与上述查到的引号之内的内容一致
$ sudo grub2-editenv list

# 安装无线网卡驱动
$ cd BCM4350
$ sudo chown root:root BCM-0a5c-6412.hcd brcmfmac4350-pcie.bin
$ sudo chmod 640 BCM-0a5c-6412.hcd brcmfmac4350-pcie.bin
$ sudo cp -t /lib/firmware/brcm/ BCM-0a5c-6412.hcd brcmfmac4350-pcie.bin
重启，选择kernel4.4启动，至此网卡搞定

# 添加RPMFUSHION仓库
sudo dnf install --nogpgcheck http://download1.rpmfusion.org/free/fedora/rpmfusion-free-release-23.noarch.rpm
sudo dnf install --nogpgcheck http://download1.rpmfusion.org/nonfree/fedora/rpmfusion-nonfree-release-23.noarch.rpm

# 添加Google-Chrome源
$ sudo vim /etc/yum.repos.d/google-chrome.repo添加
[google-chrome]
name=google-chrome - \$basearch
baseurl=http://dl.google.com/linux/chrome/rpm/stable/\$basearch
enabled=1
gpgcheck=1
gpgkey=https://dl-ssl.google.com/linux/linux_signing_key.pub

===============
其他软件安装
===============
##### KDE中文界面
$ sudo dnf install kde-l10n-zh_CN

##### 安装配置fcitx https://wiki.archlinux.org/index.php/Fcitx_(简体中文)
$ sudo dnf install fcitx fcitx-configtool fcitx-table-chinese
$ 修改中括号：
$ sudo cp /usr/share/fcitx/data/punc.mb.zh_CN ~/.config/fcitx/data/
$ vim ~/.config/fcitx/data/punc.mb.zh_CN
# gnome3中可能遇到的问题
# gsetting配置
# 这时候该使用 im-chooser 选择输入法为fcitx后报错显示：
# GDBus.Error:org.gtk.GDBus.UnmappedGError.Quark. imsettings 2derror_2dquark.Code5: Current desktop isn’t targeted by IMSettings.
# 需要对gsetting设定：（在终端下输入运行）
$ gsettings set org.gnome.settings-daemon.plugins.keyboard active false
# KDE中可能遇到的问题：某此系统界面无法调用输入法
$ sudo dnf install fcitx-qt4 fcitx-qt5 kcm-fcitx
$ vim ~/.xprofile
添加
export GTK_IM_MODULE=fcitx
export QT_IM_MODULE=fcitx
export XMODIFIERS="@im=fcitx"
注销重新登录

##### Vim安装配置
$ sudo dnf install vim-enhanced vim-X11
$ sudo cp myvimrc ~/.vimrc
# 安装vundle及配置    http://github.com/VundleVim/Vundle.vim
# 安装YCM及配置       https://github.com/Valloric
# 安装过程需要gcc，gcc-c++，python-devel，可dnf安装
# 外部程序文本复制到vim：外部复制后，回到vim命令行模式输入"+p或"*p

##### python相关
# pyvenv只支持python3.3及以上版本，2.7及以下版本请用virtualen：v
$ sudo pip install virtualenv
# pip3命令无法使用：
$ alias pip3='python3 -m pip'或升级pip3：
$ sudo python3 -m pip install --upgrade pip

##### Django相关
$ sudo dnf install python-devel python3-devel mysql-devel redhat-rpm-config
$ pip install mysqlclient  # 此处需要以上软件包

##### 虚拟打印机
$ sudo dnf install cups cups-pdf
$ sudo vi /etc/cups/cups-pdf.conf  # 修改Out默认输出位置，或在浏览器地址栏输入localhost:631修改
